(comment: in the Forgotten Realms campaign setting of Dungeons & Dragons, the dragon "Kryonar" is an undead "dracolich", so his boolean "alive" value is listed as "NULL" for the purposes of this database. Also, each dragon of a given always has a specific type of breath and specific good/evil morality and lawful or chaotic nature, which is why those values are all dependent on color in the database.
Dragon names and information taken from forgottenrealms.wikia.com.)

sqlite> SELECT * FROM dragons;
1|Ajax Firestorm|venerable|4|unknown
2|Clytemorrenestrix|mature|2|true
3|Eldenser|great wyrm|6|true
4|Kryonar|wyrm|5|NULL
5|Zarlandris|mature adult|1|false


sqlite> UPDATE dragons SET alive="true" WHERE id=1;
sqlite> SELECT * FROM dragons;
1|Ajax Firestorm|venerable|4|true
2|Clytemorrenestrix|mature|2|true
3|Eldenser|great wyrm|6|true
4|Kryonar|wyrm|5|NULL
5|Zarlandris|mature adult|1|false


sqlite> SELECT * FROM dragons, colors WHERE dragons.colors_id = colors.id;
1|Ajax Firestorm|venerable|4|true|4|red|fire|chaotic|evil
2|Clytemorrenestrix|mature|2|true|2|blue|lightning|lawful|evil
3|Eldenser|great wyrm|6|true|6|brass|fire|chaotic|good
4|Kryonar|wyrm|5|NULL|5|white|ice|chaotic|evil
5|Zarlandris|mature adult|1|false|1|black|acid|chaotic|evil


sqlite> SELECT dragons.name, dragons.age, dragons.alive, colors.color, colors.breath FROM dragons JOIN colors ON dragons.colors_id = colors.id;
Ajax Firestorm|venerable|true|red|fire
Clytemorrenestrix|mature|true|blue|lightning
Eldenser|great wyrm|true|brass|fire
Kryonar|wyrm|NULL|white|ice
Zarlandris|mature adult|false|black|acid


sqlite> DELETE FROM dragons WHERE alive IS NULL;
sqlite> SELECT dragons.name, dragons.age, dragons.alive, colors.color, colors.breath FROM dragons JOIN colors ON dragons.colors_id = colors.id;
Ajax Firestorm|venerable|true|red|fire
Clytemorrenestrix|mature|true|blue|lightning
Eldenser|great wyrm|true|brass|fire
Zarlandris|mature adult|false|black|acid


sqlite> SELECT dragons.name, colors.align_moral FROM dragons LEFT JOIN colors ON dragons.colors_id = colors.id;
Ajax Firestorm|evil
Clytemorrenestrix|evil
Eldenser|good
Zarlandris|evil


** tried a FULL OUTER JOIN but it didn't work **
sqlite> SELECT dragons.name, dragons.alive, colors.color, colors.breath, colors.align_moral FROM dragons FULL OUTER JOIN colors ON dragons.colors_id = colors.id ORDER BY dragons.id;
Error: RIGHT and FULL OUTER JOINs are not currently supported


sqlite> SELECT dragons.name, colors.align_moral, colors.breath, dragons.age FROM dragons INNER JOIN colors ON dragons.colors_id = colors.id;
Ajax Firestorm|evil|fire|venerable
Clytemorrenestrix|evil|lightning|mature
Eldenser|good|fire|great wyrm
Zarlandris|evil|acid|mature adult